// Jest Snapshot v1, https://goo.gl/fbAQLP

exports[`SearchBox should match the snapshot 1`] = `
<div
  className="search-box undefined"
>
  <input
    className="search-box__input"
    onChange={[Function]}
    placeholder="Search by name"
    type="text"
    value=""
  />
  <div
    className="search-box__clear"
  />
  <i
    className="search-box__icon fa fa-search"
  />
</div>
`;
