// Jest Snapshot v1, https://goo.gl/fbAQLP

exports[`Filters should match the snapshot 1`] = `
<div
  className="collection__filters"
>
  <div
    className="search-box"
  >
    <input
      className="search-box__input"
      onChange={[Function]}
      placeholder="Search by name"
      type="text"
    />
    <i
      className="search-box__icon fa fa-search"
    />
  </div>
  <div
    className="pagination pagination--hidden"
  >
    <a
      className="pagination__button
                       
                       "
      onClick={[Function]}
    >
      <span>
        «
      </span>
    </a>
    <a
      className="pagination__button
                       
                       "
      onClick={[Function]}
    >
      <span>
        1
      </span>
    </a>
    <a
      className="pagination__button
                       
                       "
      onClick={[Function]}
    >
      <span>
        »
      </span>
    </a>
  </div>
</div>
`;
