exports[`DashboardOption should match the snapshot 1`] = `
<a
  onClick={[Function bound handleClick]}
  style={Object {}}>
  <div
    className="dashboard__option col-md-3 col-sm-6 col-xs-12">
    <img
      alt="logo"
      className="dashboard__option__image"
      src={undefined} />
    <p
      className="dashboard__option__title" />
  </div>
</a>
`;
